// Jest Snapshot v1, https://goo.gl/fbAQLP

exports[`DiffOpenedCardsPage matches the snapshot desktop 1`] = `
<div>
  <div
    class="ant-layout Layoutstyles__StyledLayout-sc-z125ah-0 ydqdt css-1c0na6j"
  >
    <div
      class="ant-layout css-1c0na6j"
    >
      <main
        class="ant-layout-content Layoutstyles__StyledContent-sc-z125ah-1 MFHYS css-1c0na6j"
      >
        <div
          class="ant-row css-1c0na6j"
        >
          <div
            class="ant-col ant-col-12 css-1c0na6j"
          >
            <div
              class="FiltersSearchListWithPreviewContainer__StyledFiltersSearchListWithPreviewContainer-sc-n5bqgv-0 iRDiqe"
              height="555"
            />
          </div>
          <div
            class="ant-col ant-col-12 css-1c0na6j"
          >
            <div
              class="FiltersSearchListWithPreviewContainer__StyledFiltersSearchListWithPreviewContainer-sc-n5bqgv-0 iRDiqe"
              height="555"
            />
          </div>
        </div>
        <div
          style="height: 100px; border: 1px solid black; margin: 10px;"
        >
          <div
            class="ant-flex css-1c0na6j ant-flex-align-center ant-flex-justify-center"
            style="height: 100%;"
          >
            DIFF
          </div>
        </div>
      </main>
    </div>
  </div>
</div>
`;

exports[`DiffOpenedCardsPage matches the snapshot laptop 1`] = `
<div>
  <div
    class="ant-layout Layoutstyles__StyledLayout-sc-z125ah-0 ydqdt css-1c0na6j"
  >
    <div
      class="ant-layout css-1c0na6j"
    >
      <main
        class="ant-layout-content Layoutstyles__StyledContent-sc-z125ah-1 MFHYS css-1c0na6j"
      >
        <div
          class="ant-row css-1c0na6j"
        >
          <div
            class="ant-col ant-col-12 css-1c0na6j"
          >
            <div
              class="FiltersSearchListWithPreviewContainer__StyledFiltersSearchListWithPreviewContainer-sc-n5bqgv-0 iRDiqe"
              height="555"
            />
          </div>
          <div
            class="ant-col ant-col-12 css-1c0na6j"
          >
            <div
              class="FiltersSearchListWithPreviewContainer__StyledFiltersSearchListWithPreviewContainer-sc-n5bqgv-0 iRDiqe"
              height="555"
            />
          </div>
        </div>
        <div
          style="height: 100px; border: 1px solid black; margin: 10px;"
        >
          <div
            class="ant-flex css-1c0na6j ant-flex-align-center ant-flex-justify-center"
            style="height: 100%;"
          >
            DIFF
          </div>
        </div>
      </main>
    </div>
  </div>
</div>
`;

exports[`DiffOpenedCardsPage matches the snapshot mobile 1`] = `
<div>
  <div
    class="ant-layout Layoutstyles__StyledLayout-sc-z125ah-0 ydqdt css-1c0na6j"
  >
    <div
      class="ant-layout css-1c0na6j"
    >
      <main
        class="ant-layout-content Layoutstyles__StyledContent-sc-z125ah-1 MFHYS css-1c0na6j"
      >
        <div
          class="ant-row css-1c0na6j"
        >
          <div
            class="ant-col ant-col-12 css-1c0na6j"
          >
            <div
              class="FiltersSearchListWithPreviewContainer__StyledFiltersSearchListWithPreviewContainer-sc-n5bqgv-0 iRDiqe"
              height="555"
            />
          </div>
          <div
            class="ant-col ant-col-12 css-1c0na6j"
          >
            <div
              class="FiltersSearchListWithPreviewContainer__StyledFiltersSearchListWithPreviewContainer-sc-n5bqgv-0 iRDiqe"
              height="555"
            />
          </div>
        </div>
        <div
          style="height: 100px; border: 1px solid black; margin: 10px;"
        >
          <div
            class="ant-flex css-1c0na6j ant-flex-align-center ant-flex-justify-center"
            style="height: 100%;"
          >
            DIFF
          </div>
        </div>
      </main>
    </div>
  </div>
</div>
`;
