// Jest Snapshot v1, https://goo.gl/fbAQLP

exports[`HomePage matches the snapshot desktop 1`] = `
<div>
  <div
    class="ant-layout Layoutstyles__StyledLayout-sc-httflb-0 ecYXYt css-5wsri9"
  >
    <div
      class="ant-layout css-5wsri9"
    >
      <main
        class="ant-layout-content Layoutstyles__StyledContent-sc-httflb-1 iIrHAO css-5wsri9"
      >
        <div />
      </main>
    </div>
  </div>
</div>
`;

exports[`HomePage matches the snapshot laptop 1`] = `
<div>
  <div
    class="ant-layout Layoutstyles__StyledLayout-sc-httflb-0 ecYXYt css-5wsri9"
  >
    <div
      class="ant-layout css-5wsri9"
    >
      <main
        class="ant-layout-content Layoutstyles__StyledContent-sc-httflb-1 iIrHAO css-5wsri9"
      >
        <div />
      </main>
    </div>
  </div>
</div>
`;

exports[`HomePage matches the snapshot mobile 1`] = `
<div>
  <div
    class="ant-layout Layoutstyles__StyledLayout-sc-httflb-0 ecYXYt css-5wsri9"
  >
    <div
      class="ant-layout css-5wsri9"
    >
      <main
        class="ant-layout-content Layoutstyles__StyledContent-sc-httflb-1 iIrHAO css-5wsri9"
      >
        <div />
      </main>
    </div>
  </div>
</div>
`;
