// Jest Snapshot v1, https://goo.gl/fbAQLP

exports[`OrdersFilterClosedPage matches the snapshot desktop 1`] = `
<div>
  <div
    class="ant-layout Layoutstyles__StyledLayout-sc-httflb-0 dCkqfg css-1gwfwyx"
  >
    <div
      class="ant-layout css-1gwfwyx"
    >
      <main
        class="ant-layout-content Layoutstyles__StyledContent-sc-httflb-1 eUqUAz css-1gwfwyx"
      >
        <div
          class="FiltersSearchListContainer__StyledFiltersSearchContainer-sc-65iseu-0 chQval"
        />
      </main>
    </div>
  </div>
</div>
`;

exports[`OrdersFilterClosedPage matches the snapshot laptop 1`] = `
<div>
  <div
    class="ant-layout Layoutstyles__StyledLayout-sc-httflb-0 dCkqfg css-1gwfwyx"
  >
    <div
      class="ant-layout css-1gwfwyx"
    >
      <main
        class="ant-layout-content Layoutstyles__StyledContent-sc-httflb-1 eUqUAz css-1gwfwyx"
      >
        <div
          class="FiltersSearchListContainer__StyledFiltersSearchContainer-sc-65iseu-0 chQval"
        />
      </main>
    </div>
  </div>
</div>
`;

exports[`OrdersFilterClosedPage matches the snapshot mobile 1`] = `
<div>
  <div
    class="ant-layout Layoutstyles__StyledLayout-sc-httflb-0 dCkqfg css-1gwfwyx"
  >
    <div
      class="ant-layout css-1gwfwyx"
    >
      <main
        class="ant-layout-content Layoutstyles__StyledContent-sc-httflb-1 eUqUAz css-1gwfwyx"
      >
        <div
          class="FiltersSearchListContainer__StyledFiltersSearchContainer-sc-65iseu-0 chQval"
        />
      </main>
    </div>
  </div>
</div>
`;
